// Jest Snapshot v1, https://goo.gl/fbAQLP

exports[`Home Home should be match snapshot 1`] = `
Object {
  "asFragment": [Function],
  "baseElement": <body>
    <div>
      <div>
        <div
          class="navbar_container"
        >
          <div
            style="display: flex;"
          >
            <div
              class="button"
            >
              Home
            </div>
            <div
              class="button"
            >
              Leaderboard
            </div>
            <div
              class="button"
            >
              New
            </div>
          </div>
          <div
            style="display: flex;"
          >
            <img
              alt="user"
              height="40"
              src="user1.png"
              width="70"
            />
            <div
              class="button"
            />
            <div
              class="button"
            >
              Logout
            </div>
          </div>
        </div>
        <hr />
        <div
          class="home"
        >
          <div>
            <div
              style="font-size: 20px; font-weight: 600;"
            >
              New Questions
            </div>
            <div
              class="border-box"
            />
          </div>
          <div>
            <div
              style="font-size: 20px; font-weight: 600;"
            >
              Done
            </div>
            <div
              class="border-box"
            />
          </div>
        </div>
      </div>
    </div>
  </body>,
  "container": <div>
    <div>
      <div
        class="navbar_container"
      >
        <div
          style="display: flex;"
        >
          <div
            class="button"
          >
            Home
          </div>
          <div
            class="button"
          >
            Leaderboard
          </div>
          <div
            class="button"
          >
            New
          </div>
        </div>
        <div
          style="display: flex;"
        >
          <img
            alt="user"
            height="40"
            src="user1.png"
            width="70"
          />
          <div
            class="button"
          />
          <div
            class="button"
          >
            Logout
          </div>
        </div>
      </div>
      <hr />
      <div
        class="home"
      >
        <div>
          <div
            style="font-size: 20px; font-weight: 600;"
          >
            New Questions
          </div>
          <div
            class="border-box"
          />
        </div>
        <div>
          <div
            style="font-size: 20px; font-weight: 600;"
          >
            Done
          </div>
          <div
            class="border-box"
          />
        </div>
      </div>
    </div>
  </div>,
  "debug": [Function],
  "findAllByAltText": [Function],
  "findAllByDisplayValue": [Function],
  "findAllByLabelText": [Function],
  "findAllByPlaceholderText": [Function],
  "findAllByRole": [Function],
  "findAllByTestId": [Function],
  "findAllByText": [Function],
  "findAllByTitle": [Function],
  "findByAltText": [Function],
  "findByDisplayValue": [Function],
  "findByLabelText": [Function],
  "findByPlaceholderText": [Function],
  "findByRole": [Function],
  "findByTestId": [Function],
  "findByText": [Function],
  "findByTitle": [Function],
  "getAllByAltText": [Function],
  "getAllByDisplayValue": [Function],
  "getAllByLabelText": [Function],
  "getAllByPlaceholderText": [Function],
  "getAllByRole": [Function],
  "getAllByTestId": [Function],
  "getAllByText": [Function],
  "getAllByTitle": [Function],
  "getByAltText": [Function],
  "getByDisplayValue": [Function],
  "getByLabelText": [Function],
  "getByPlaceholderText": [Function],
  "getByRole": [Function],
  "getByTestId": [Function],
  "getByText": [Function],
  "getByTitle": [Function],
  "queryAllByAltText": [Function],
  "queryAllByDisplayValue": [Function],
  "queryAllByLabelText": [Function],
  "queryAllByPlaceholderText": [Function],
  "queryAllByRole": [Function],
  "queryAllByTestId": [Function],
  "queryAllByText": [Function],
  "queryAllByTitle": [Function],
  "queryByAltText": [Function],
  "queryByDisplayValue": [Function],
  "queryByLabelText": [Function],
  "queryByPlaceholderText": [Function],
  "queryByRole": [Function],
  "queryByTestId": [Function],
  "queryByText": [Function],
  "queryByTitle": [Function],
  "rerender": [Function],
  "unmount": [Function],
}
`;

exports[`Home will match snapshot 1`] = `
Object {
  "asFragment": [Function],
  "baseElement": <body>
    <div>
      <div>
        <div
          class="navbar_container"
        >
          <div
            style="display: flex;"
          >
            <div
              class="button"
            >
              Home
            </div>
            <div
              class="button"
            >
              Leaderboard
            </div>
            <div
              class="button"
            >
              New
            </div>
          </div>
          <div
            style="display: flex;"
          >
            <img
              alt="user"
              height="40"
              src="user1.png"
              width="70"
            />
            <div
              class="button"
            />
            <div
              class="button"
            >
              Logout
            </div>
          </div>
        </div>
        <hr />
        <div
          class="home"
        >
          <div>
            <div
              style="font-size: 20px; font-weight: 600;"
            >
              New Questions
            </div>
            <div
              class="border-box"
            />
          </div>
          <div>
            <div
              style="font-size: 20px; font-weight: 600;"
            >
              Done
            </div>
            <div
              class="border-box"
            />
          </div>
        </div>
      </div>
    </div>
  </body>,
  "container": <div>
    <div>
      <div
        class="navbar_container"
      >
        <div
          style="display: flex;"
        >
          <div
            class="button"
          >
            Home
          </div>
          <div
            class="button"
          >
            Leaderboard
          </div>
          <div
            class="button"
          >
            New
          </div>
        </div>
        <div
          style="display: flex;"
        >
          <img
            alt="user"
            height="40"
            src="user1.png"
            width="70"
          />
          <div
            class="button"
          />
          <div
            class="button"
          >
            Logout
          </div>
        </div>
      </div>
      <hr />
      <div
        class="home"
      >
        <div>
          <div
            style="font-size: 20px; font-weight: 600;"
          >
            New Questions
          </div>
          <div
            class="border-box"
          />
        </div>
        <div>
          <div
            style="font-size: 20px; font-weight: 600;"
          >
            Done
          </div>
          <div
            class="border-box"
          />
        </div>
      </div>
    </div>
  </div>,
  "debug": [Function],
  "findAllByAltText": [Function],
  "findAllByDisplayValue": [Function],
  "findAllByLabelText": [Function],
  "findAllByPlaceholderText": [Function],
  "findAllByRole": [Function],
  "findAllByTestId": [Function],
  "findAllByText": [Function],
  "findAllByTitle": [Function],
  "findByAltText": [Function],
  "findByDisplayValue": [Function],
  "findByLabelText": [Function],
  "findByPlaceholderText": [Function],
  "findByRole": [Function],
  "findByTestId": [Function],
  "findByText": [Function],
  "findByTitle": [Function],
  "getAllByAltText": [Function],
  "getAllByDisplayValue": [Function],
  "getAllByLabelText": [Function],
  "getAllByPlaceholderText": [Function],
  "getAllByRole": [Function],
  "getAllByTestId": [Function],
  "getAllByText": [Function],
  "getAllByTitle": [Function],
  "getByAltText": [Function],
  "getByDisplayValue": [Function],
  "getByLabelText": [Function],
  "getByPlaceholderText": [Function],
  "getByRole": [Function],
  "getByTestId": [Function],
  "getByText": [Function],
  "getByTitle": [Function],
  "queryAllByAltText": [Function],
  "queryAllByDisplayValue": [Function],
  "queryAllByLabelText": [Function],
  "queryAllByPlaceholderText": [Function],
  "queryAllByRole": [Function],
  "queryAllByTestId": [Function],
  "queryAllByText": [Function],
  "queryAllByTitle": [Function],
  "queryByAltText": [Function],
  "queryByDisplayValue": [Function],
  "queryByLabelText": [Function],
  "queryByPlaceholderText": [Function],
  "queryByRole": [Function],
  "queryByTestId": [Function],
  "queryByText": [Function],
  "queryByTitle": [Function],
  "rerender": [Function],
  "unmount": [Function],
}
`;
