// Jest Snapshot v1, https://goo.gl/fbAQLP

exports[`Login New page should be match snapshot 1`] = `
Object {
  "asFragment": [Function],
  "baseElement": <body>
    <div>
      <div>
        <div
          class="navbar_container"
        >
          <div
            style="display: flex;"
          >
            <div
              class="button"
            >
              Home
            </div>
            <div
              class="button"
            >
              Leaderboard
            </div>
            <div
              class="button"
            >
              New
            </div>
          </div>
          <div
            style="display: flex;"
          >
            <img
              alt="user"
              height="40"
              src="user1.png"
              width="70"
            />
            <div
              class="button"
            />
            <div
              class="button"
            >
              Logout
            </div>
          </div>
        </div>
        <hr />
        <div
          style="text-align: center;"
        >
          <h2>
            Would You Rather
          </h2>
          <p>
            Create Your Own Poll
          </p>
          <div>
            <div>
              <p>
                First Option
              </p>
              <input
                placeholder="Option One"
              />
            </div>
            <div>
              <p>
                Second Option
              </p>
              <input
                placeholder="Option Two"
              />
            </div>
            <div
              class="button_submit"
            >
              <button>
                Submit
              </button>
            </div>
          </div>
        </div>
      </div>
    </div>
  </body>,
  "container": <div>
    <div>
      <div
        class="navbar_container"
      >
        <div
          style="display: flex;"
        >
          <div
            class="button"
          >
            Home
          </div>
          <div
            class="button"
          >
            Leaderboard
          </div>
          <div
            class="button"
          >
            New
          </div>
        </div>
        <div
          style="display: flex;"
        >
          <img
            alt="user"
            height="40"
            src="user1.png"
            width="70"
          />
          <div
            class="button"
          />
          <div
            class="button"
          >
            Logout
          </div>
        </div>
      </div>
      <hr />
      <div
        style="text-align: center;"
      >
        <h2>
          Would You Rather
        </h2>
        <p>
          Create Your Own Poll
        </p>
        <div>
          <div>
            <p>
              First Option
            </p>
            <input
              placeholder="Option One"
            />
          </div>
          <div>
            <p>
              Second Option
            </p>
            <input
              placeholder="Option Two"
            />
          </div>
          <div
            class="button_submit"
          >
            <button>
              Submit
            </button>
          </div>
        </div>
      </div>
    </div>
  </div>,
  "debug": [Function],
  "findAllByAltText": [Function],
  "findAllByDisplayValue": [Function],
  "findAllByLabelText": [Function],
  "findAllByPlaceholderText": [Function],
  "findAllByRole": [Function],
  "findAllByTestId": [Function],
  "findAllByText": [Function],
  "findAllByTitle": [Function],
  "findByAltText": [Function],
  "findByDisplayValue": [Function],
  "findByLabelText": [Function],
  "findByPlaceholderText": [Function],
  "findByRole": [Function],
  "findByTestId": [Function],
  "findByText": [Function],
  "findByTitle": [Function],
  "getAllByAltText": [Function],
  "getAllByDisplayValue": [Function],
  "getAllByLabelText": [Function],
  "getAllByPlaceholderText": [Function],
  "getAllByRole": [Function],
  "getAllByTestId": [Function],
  "getAllByText": [Function],
  "getAllByTitle": [Function],
  "getByAltText": [Function],
  "getByDisplayValue": [Function],
  "getByLabelText": [Function],
  "getByPlaceholderText": [Function],
  "getByRole": [Function],
  "getByTestId": [Function],
  "getByText": [Function],
  "getByTitle": [Function],
  "queryAllByAltText": [Function],
  "queryAllByDisplayValue": [Function],
  "queryAllByLabelText": [Function],
  "queryAllByPlaceholderText": [Function],
  "queryAllByRole": [Function],
  "queryAllByTestId": [Function],
  "queryAllByText": [Function],
  "queryAllByTitle": [Function],
  "queryByAltText": [Function],
  "queryByDisplayValue": [Function],
  "queryByLabelText": [Function],
  "queryByPlaceholderText": [Function],
  "queryByRole": [Function],
  "queryByTestId": [Function],
  "queryByText": [Function],
  "queryByTitle": [Function],
  "rerender": [Function],
  "unmount": [Function],
}
`;

exports[`New New page should be match snapshot 1`] = `
Object {
  "asFragment": [Function],
  "baseElement": <body>
    <div>
      <div>
        <div
          class="navbar_container"
        >
          <div
            style="display: flex;"
          >
            <div
              class="button"
            >
              Home
            </div>
            <div
              class="button"
            >
              Leaderboard
            </div>
            <div
              class="button"
            >
              New
            </div>
          </div>
          <div
            style="display: flex;"
          >
            <img
              alt="user"
              height="40"
              src="user1.png"
              width="70"
            />
            <div
              class="button"
            />
            <div
              class="button"
            >
              Logout
            </div>
          </div>
        </div>
        <hr />
        <div
          style="text-align: center;"
        >
          <h2>
            Would You Rather
          </h2>
          <p>
            Create Your Own Poll
          </p>
          <div>
            <div>
              <p>
                First Option
              </p>
              <input
                placeholder="Option One"
              />
            </div>
            <div>
              <p>
                Second Option
              </p>
              <input
                placeholder="Option Two"
              />
            </div>
            <div
              class="button_submit"
            >
              <button>
                Submit
              </button>
            </div>
          </div>
        </div>
      </div>
    </div>
  </body>,
  "container": <div>
    <div>
      <div
        class="navbar_container"
      >
        <div
          style="display: flex;"
        >
          <div
            class="button"
          >
            Home
          </div>
          <div
            class="button"
          >
            Leaderboard
          </div>
          <div
            class="button"
          >
            New
          </div>
        </div>
        <div
          style="display: flex;"
        >
          <img
            alt="user"
            height="40"
            src="user1.png"
            width="70"
          />
          <div
            class="button"
          />
          <div
            class="button"
          >
            Logout
          </div>
        </div>
      </div>
      <hr />
      <div
        style="text-align: center;"
      >
        <h2>
          Would You Rather
        </h2>
        <p>
          Create Your Own Poll
        </p>
        <div>
          <div>
            <p>
              First Option
            </p>
            <input
              placeholder="Option One"
            />
          </div>
          <div>
            <p>
              Second Option
            </p>
            <input
              placeholder="Option Two"
            />
          </div>
          <div
            class="button_submit"
          >
            <button>
              Submit
            </button>
          </div>
        </div>
      </div>
    </div>
  </div>,
  "debug": [Function],
  "findAllByAltText": [Function],
  "findAllByDisplayValue": [Function],
  "findAllByLabelText": [Function],
  "findAllByPlaceholderText": [Function],
  "findAllByRole": [Function],
  "findAllByTestId": [Function],
  "findAllByText": [Function],
  "findAllByTitle": [Function],
  "findByAltText": [Function],
  "findByDisplayValue": [Function],
  "findByLabelText": [Function],
  "findByPlaceholderText": [Function],
  "findByRole": [Function],
  "findByTestId": [Function],
  "findByText": [Function],
  "findByTitle": [Function],
  "getAllByAltText": [Function],
  "getAllByDisplayValue": [Function],
  "getAllByLabelText": [Function],
  "getAllByPlaceholderText": [Function],
  "getAllByRole": [Function],
  "getAllByTestId": [Function],
  "getAllByText": [Function],
  "getAllByTitle": [Function],
  "getByAltText": [Function],
  "getByDisplayValue": [Function],
  "getByLabelText": [Function],
  "getByPlaceholderText": [Function],
  "getByRole": [Function],
  "getByTestId": [Function],
  "getByText": [Function],
  "getByTitle": [Function],
  "queryAllByAltText": [Function],
  "queryAllByDisplayValue": [Function],
  "queryAllByLabelText": [Function],
  "queryAllByPlaceholderText": [Function],
  "queryAllByRole": [Function],
  "queryAllByTestId": [Function],
  "queryAllByText": [Function],
  "queryAllByTitle": [Function],
  "queryByAltText": [Function],
  "queryByDisplayValue": [Function],
  "queryByLabelText": [Function],
  "queryByPlaceholderText": [Function],
  "queryByRole": [Function],
  "queryByTestId": [Function],
  "queryByText": [Function],
  "queryByTitle": [Function],
  "rerender": [Function],
  "unmount": [Function],
}
`;
